
WildMary@LAPTOP-10928EUI MINGW64 ~
$ npm init
This utility will walk you through creating a package.json file.
It only covers the most common items, and tries to guess sensible defaults.

See `npm help init` for definitive documentation on these fields
and exactly what they do.

Use `npm install <pkg>` afterwards to install a package and
save it as a dependency in the package.json file.

Press ^C at any time to quit.
package name: (wildmary)
version: (1.0.0)
description:
entry point: (index.js)
test command:
git repository:
keywords:
author:
license: (ISC)
About to write to C:\Users\WildMary\package.json:

{
  "name": "wildmary",
  "version": "1.0.0",
  "description": "",
  "main": "index.js",
  "scripts": {
    "test": "echo \"Error: no test specified\" && exit 1"
  },
  "author": "",
  "license": "ISC"
}


Is this OK? (yes)

WildMary@LAPTOP-10928EUI MINGW64 ~
$ ls
'3D Objects'/
 5_dash_2021_08_05_15_40_01.txt
 AppData/
 Apple/
'Application Data'@
 Contacts/
 Cookies@
 DataGripProjects/
 Desktop/
 Documents/
 Downloads/
 Favorites/
 first_try.ipynb
 gogol
 gogol.xml
 gyrating_jira.ipynb
 Inovideo/
 IntelGraphicsProfiles/
 issues.csv
 issues2.csv
 issues3.csv
 issues4.csv
 issues5.csv
 Jedi/
 jira.ipynb
 jre-8u271-windows-x64.exe*
 Links/
 list.csv
'Local Settings'@
 Microsoft/
 MicrosoftEdgeBackups/
 Music/
 NetHood@
 NTUSER.DAT
 ntuser.dat.LOG1
 ntuser.dat.LOG2
 NTUSER.DAT{db057993-ace4-11ea-9ce0-fd6c48d6dbe8}.TM.blf
 NTUSER.DAT{db057993-ace4-11ea-9ce0-fd6c48d6dbe8}.TMContainer00000000000000000001.regtrans-ms
 NTUSER.DAT{db057993-ace4-11ea-9ce0-fd6c48d6dbe8}.TMContainer00000000000000000002.regtrans-ms
 ntuser.ini
 OneDrive/
'opera autoupdate'/
 package.json
 Pictures/
 PrintHood@
 Recent@
'Saved Games'/
 Searches/
 SendTo@
 source/
 Untitled.ipynb
 Videos/
'VirtualBox VMs'/
 wekafiles/
'главное меню'@
'Мои документы'@
 Музей/
 Шаблоны@

WildMary@LAPTOP-10928EUI MINGW64 ~
$ cd  C:/Users/WildMary/Desktop/DH/webdev/sunday

WildMary@LAPTOP-10928EUI MINGW64 ~/Desktop/DH/webdev/sunday
$ ls
main.py  sunday.txt  Vagrantfile

WildMary@LAPTOP-10928EUI MINGW64 ~/Desktop/DH/webdev/sunday
$ npm init
This utility will walk you through creating a package.json file.
It only covers the most common items, and tries to guess sensible defaults.

See `npm help init` for definitive documentation on these fields
and exactly what they do.

Use `npm install <pkg>` afterwards to install a package and
save it as a dependency in the package.json file.

Press ^C at any time to quit.
package name: (sunday)
version: (1.0.0)
description:
entry point: (index.js)
test command:
git repository:
keywords:
author:
license: (ISC)
About to write to C:\Users\WildMary\Desktop\DH\webdev\sunday\package.json:

{
  "name": "sunday",
  "version": "1.0.0",
  "description": "",
  "main": "index.js",
  "scripts": {
    "test": "echo \"Error: no test specified\" && exit 1"
  },
  "author": "",
  "license": "ISC"
}


Is this OK? (yes)

WildMary@LAPTOP-10928EUI MINGW64 ~/Desktop/DH/webdev/sunday
$ ls
main.py  package.json  sunday.txt  Vagrantfile

WildMary@LAPTOP-10928EUI MINGW64 ~/Desktop/DH/webdev/sunday
$ cat package.json
{
  "name": "sunday",
  "version": "1.0.0",
  "description": "",
  "main": "index.js",
  "scripts": {
    "test": "echo \"Error: no test specified\" && exit 1"
  },
  "author": "",
  "license": "ISC"
}

WildMary@LAPTOP-10928EUI MINGW64 ~/Desktop/DH/webdev/sunday
$ npm install jquery bootstrap
npm notice created a lockfile as package-lock.json. You should commit this file.
npm WARN bootstrap@5.1.3 requires a peer of @popperjs/core@^2.10.2 but none is installed. You must install peer dependencies yourself.
npm WARN sunday@1.0.0 No description
npm WARN sunday@1.0.0 No repository field.

+ jquery@3.6.0
+ bootstrap@5.1.3
added 2 packages from 3 contributors and audited 2 packages in 1.501s

1 package is looking for funding
  run `npm fund` for details

found 0 vulnerabilities


WildMary@LAPTOP-10928EUI MINGW64 ~/Desktop/DH/webdev/sunday
$ ls
main.py  node_modules/  package.json  package-lock.json  sunday.txt  Vagrantfile

WildMary@LAPTOP-10928EUI MINGW64 ~/Desktop/DH/webdev/sunday
$ mkdir static

WildMary@LAPTOP-10928EUI MINGW64 ~/Desktop/DH/webdev/sunday
$ cd static

WildMary@LAPTOP-10928EUI MINGW64 ~/Desktop/DH/webdev/sunday/static
$ mkdir css js img

WildMary@LAPTOP-10928EUI MINGW64 ~/Desktop/DH/webdev/sunday/static
$ ls
css/  img/  js/

WildMary@LAPTOP-10928EUI MINGW64 ~/Desktop/DH/webdev/sunday/static
$ mkdir templates

WildMary@LAPTOP-10928EUI MINGW64 ~/Desktop/DH/webdev/sunday/static
$ cd css

WildMary@LAPTOP-10928EUI MINGW64 ~/Desktop/DH/webdev/sunday/static/css
$ ln
ln: missing file operand
Try 'ln --help' for more information.

WildMary@LAPTOP-10928EUI MINGW64 ~/Desktop/DH/webdev/sunday/static/css
$ ln -s ../../
.env/              main.py            package.json       static/            Vagrantfile
.vagrant/          node_modules/      package-lock.json  sunday.txt

WildMary@LAPTOP-10928EUI MINGW64 ~/Desktop/DH/webdev/sunday/static/css
$ ln -s ../../node_modules/
bootstrap/ jquery/

WildMary@LAPTOP-10928EUI MINGW64 ~/Desktop/DH/webdev/sunday/static/css
$ ln -s ../../node_modules/bootstrap/
dist/         js/           LICENSE       package.json  README.md     scss/

WildMary@LAPTOP-10928EUI MINGW64 ~/Desktop/DH/webdev/sunday/static/css
$ ln -s ../../node_modules/bootstrap/dist/
css/ js/

WildMary@LAPTOP-10928EUI MINGW64 ~/Desktop/DH/webdev/sunday/static/css
$ ln -s ../../node_modules/bootstrap/dist/css/bootstrap.
bootstrap.css              bootstrap.min.css          bootstrap.rtl.css          bootstrap.rtl.min.css
bootstrap.css.map          bootstrap.min.css.map      bootstrap.rtl.css.map      bootstrap.rtl.min.css.map

WildMary@LAPTOP-10928EUI MINGW64 ~/Desktop/DH/webdev/sunday/static/css
$ ln -s ../../node_modules/bootstrap/dist/css/bootstrap.min.css

WildMary@LAPTOP-10928EUI MINGW64 ~/Desktop/DH/webdev/sunday/static/css
$ ls -la
total 164
drwxr-xr-x 1 WildMary 197121      0 дек 19 18:15 ./
drwxr-xr-x 1 WildMary 197121      0 дек 19 18:14 ../
-rw-r--r-- 1 WildMary 197121 163873 окт 26  1985 bootstrap.min.css

WildMary@LAPTOP-10928EUI MINGW64 ~/Desktop/DH/webdev/sunday/static/css
$ cd ..

WildMary@LAPTOP-10928EUI MINGW64 ~/Desktop/DH/webdev/sunday/static
$ cd js

WildMary@LAPTOP-10928EUI MINGW64 ~/Desktop/DH/webdev/sunday/static/js
$  ln -s ../../node_modules/bootstrap/dist/
css/ js/

WildMary@LAPTOP-10928EUI MINGW64 ~/Desktop/DH/webdev/sunday/static/js
$  ln -s ../../node_modules/bootstrap/dist/js/bootstrap.
bootstrap.bundle.js          bootstrap.bundle.min.js.map  bootstrap.esm.min.js         bootstrap.js.map
bootstrap.bundle.js.map      bootstrap.esm.js             bootstrap.esm.min.js.map     bootstrap.min.js
bootstrap.bundle.min.js      bootstrap.esm.js.map         bootstrap.js                 bootstrap.min.js.map

WildMary@LAPTOP-10928EUI MINGW64 ~/Desktop/DH/webdev/sunday/static/js
$  ln -s ../../node_modules/bootstrap/dist/js/bootstrap.bundle.min.js

WildMary@LAPTOP-10928EUI MINGW64 ~/Desktop/DH/webdev/sunday/static/js
$ ln -s ../../node_modules/
bootstrap/ jquery/

WildMary@LAPTOP-10928EUI MINGW64 ~/Desktop/DH/webdev/sunday/static/js
$ ln -s ../../node_modules/jquery

WildMary@LAPTOP-10928EUI MINGW64 ~/Desktop/DH/webdev/sunday/static/js
$  ln -s ../../node_modules/jquery/
AUTHORS.txt   bower.json    dist/         external/     LICENSE.txt   package.json  README.md     src/

WildMary@LAPTOP-10928EUI MINGW64 ~/Desktop/DH/webdev/sunday/static/js
$  ln -s ../../node_modules/jquery/dist/jquery.
jquery.js            jquery.min.map       jquery.slim.min.js
jquery.min.js        jquery.slim.js       jquery.slim.min.map

WildMary@LAPTOP-10928EUI MINGW64 ~/Desktop/DH/webdev/sunday/static/js
$  ln -s ../../node_modules/jquery/dist/jquery.min.js

WildMary@LAPTOP-10928EUI MINGW64 ~/Desktop/DH/webdev/sunday/static/js
$ cd ..

WildMary@LAPTOP-10928EUI MINGW64 ~/Desktop/DH/webdev/sunday/static
$ cd ..

WildMary@LAPTOP-10928EUI MINGW64 ~/Desktop/DH/webdev/sunday
$