
WildMary@LAPTOP-10928EUI MINGW64 ~
$ cd C:\Users\WildMary\Desktop\DH\webdev\sunday
bash: cd: C:UsersWildMaryDesktopDHwebdevsunday: No such file or directory

WildMary@LAPTOP-10928EUI MINGW64 ~
$ cd C:/Users/WildMary/Desktop/DH/webdev/sunday

WildMary@LAPTOP-10928EUI MINGW64 ~/Desktop/DH/webdev/sunday
$ vi main.py

WildMary@LAPTOP-10928EUI MINGW64 ~/Desktop/DH/webdev/sunday
$ vagrant ssh
Welcome to Ubuntu 20.04.3 LTS (GNU/Linux 5.4.0-91-generic x86_64)

 * Documentation:  https://help.ubuntu.com
 * Management:     https://landscape.canonical.com
 * Support:        https://ubuntu.com/advantage

  System information as of Sun Dec 19 12:27:13 UTC 2021

  System load:  0.0               Processes:               111
  Usage of /:   3.3% of 38.71GB   Users logged in:         0
  Memory usage: 19%               IPv4 address for enp0s3: 10.0.2.15
  Swap usage:   0%


1 update can be applied immediately.
To see these additional updates run: apt list --upgradable


Last login: Sun Dec 19 12:14:24 2021 from 10.0.2.2
vagrant@ubuntu-focal:~$ cd /vagrant
-bash: cd: /vagrant: No such file or directory
vagrant@ubuntu-focal:~$ ls
vagrant@ubuntu-focal:~$ Connection to 127.0.0.1 closed by remote host.
Connection to 127.0.0.1 closed.

WildMary@LAPTOP-10928EUI MINGW64 ~/Desktop/DH/webdev/sunday
$ vagrant up
Bringing machine 'default' up with 'virtualbox' provider...
==> default: Checking if box 'ubuntu/focal64' version '20211026.0.0' is up to date...
==> default: Clearing any previously set forwarded ports...
==> default: Clearing any previously set network interfaces...
==> default: Preparing network interfaces based on configuration...
    default: Adapter 1: nat
==> default: Forwarding ports...
    default: 5000 (guest) => 5000 (host) (adapter 1)
    default: 22 (guest) => 2222 (host) (adapter 1)
==> default: Running 'pre-boot' VM customizations...
==> default: Booting VM...
==> default: Waiting for machine to boot. This may take a few minutes...
    default: SSH address: 127.0.0.1:2222
    default: SSH username: vagrant
    default: SSH auth method: private key
    default: Warning: Connection reset. Retrying...
    default: Warning: Connection aborted. Retrying...
    default:
    default: Vagrant insecure key detected. Vagrant will automatically replace
    default: this with a newly generated keypair for better security.
    default:
    default: Inserting generated public key within guest...
    default: Removing insecure key from the guest if it's present...
    default: Key inserted! Disconnecting and reconnecting using new SSH key...
==> default: Machine booted and ready!
==> default: Checking for guest additions in VM...
==> default: Mounting shared folders...
    default: /vagrant => C:/Users/WildMary/Desktop/DH/webdev/sunday
==> default: Machine already provisioned. Run `vagrant provision` or use the `--provision`
==> default: flag to force provisioning. Provisioners marked to run always will still run.

WildMary@LAPTOP-10928EUI MINGW64 ~/Desktop/DH/webdev/sunday
$ vagrant ssh
Welcome to Ubuntu 20.04.3 LTS (GNU/Linux 5.4.0-91-generic x86_64)

 * Documentation:  https://help.ubuntu.com
 * Management:     https://landscape.canonical.com
 * Support:        https://ubuntu.com/advantage

  System information as of Sun Dec 19 12:41:44 UTC 2021

  System load:  0.4               Processes:               122
  Usage of /:   3.4% of 38.71GB   Users logged in:         0
  Memory usage: 19%               IPv4 address for enp0s3: 10.0.2.15
  Swap usage:   0%


1 update can be applied immediately.
To see these additional updates run: apt list --upgradable


Last login: Sun Dec 19 12:27:15 2021 from 10.0.2.2
vagrant@ubuntu-focal:~$ cd /vagrant
vagrant@ubuntu-focal:/vagrant$ ls
Vagrantfile  main.py
vagrant@ubuntu-focal:/vagrant$ python3
Python 3.8.10 (default, Sep 28 2021, 16:10:42)
[GCC 9.3.0] on linux
Type "help", "copyright", "credits" or "license" for more information.
>>>
KeyboardInterrupt
>>>
KeyboardInterrupt
>>> exit()
vagrant@ubuntu-focal:/vagrant$ cd ~
vagrant@ubuntu-focal:~$ pws

Command 'pws' not found, did you mean:

  command 'aws' from snap aws-cli (1.15.58)
  command 'psw' from deb wise (2.4.1-21)
  command 'aws' from deb awscli (1.18.69-1ubuntu0.20.04.1)
  command 'pms' from deb pms (0.42-1build4)
  command 'pwd' from deb coreutils (8.30-3ubuntu2)
  command 'rpws' from deb ratpoison (1.4.9-1)
  command 'ps' from deb procps (2:3.3.16-1ubuntu2.3)
  command 'pts' from deb openafs-client (1.8.4~pre1-1ubuntu2.3)
  command 'pcs' from deb pcs (0.10.4-3)
  command 'pvs' from deb lvm2 (2.03.07-1ubuntu1)

See 'snap info <snapname>' for additional versions.

vagrant@ubuntu-focal:~$ pwd
/home/vagrant
vagrant@ubuntu-focal:~$ id
uid=1000(vagrant) gid=1000(vagrant) groups=1000(vagrant)
vagrant@ubuntu-focal:~$ python3 -m venv .env
The virtual environment was not created successfully because ensurepip is not
available.  On Debian/Ubuntu systems, you need to install the python3-venv
package using the following command.

    apt install python3.8-venv

You may need to use sudo with that command.  After installing the python3-venv
package, recreate your virtual environment.

Failing command: ['/home/vagrant/.env/bin/python3', '-Im', 'ensurepip', '--upgrade', '--default-pip']

vagrant@ubuntu-focal:~$ apt install python3.8-venv
E: Could not open lock file /var/lib/dpkg/lock-frontend - open (13: Permission denied)
E: Unable to acquire the dpkg frontend lock (/var/lib/dpkg/lock-frontend), are you root?
vagrant@ubuntu-focal:~$ sudo apt install python3.8-venv
Reading package lists... Done
Building dependency tree
Reading state information... Done
Package python3.8-venv is not available, but is referred to by another package.
This may mean that the package is missing, has been obsoleted, or
is only available from another source

E: Package 'python3.8-venv' has no installation candidate
vagrant@ubuntu-focal:~$ sudo python3 -m venv .env
The virtual environment was not created successfully because ensurepip is not
available.  On Debian/Ubuntu systems, you need to install the python3-venv
package using the following command.

    apt install python3.8-venv

You may need to use sudo with that command.  After installing the python3-venv
package, recreate your virtual environment.

Failing command: ['/home/vagrant/.env/bin/python3', '-Im', 'ensurepip', '--upgrade', '--default-pip']

vagrant@ubuntu-focal:~$ apt update
Reading package lists... Done
E: Could not open lock file /var/lib/apt/lists/lock - open (13: Permission denied)
E: Unable to lock directory /var/lib/apt/lists/
W: Problem unlinking the file /var/cache/apt/pkgcache.bin - RemoveCaches (13: Permission denied)
W: Problem unlinking the file /var/cache/apt/srcpkgcache.bin - RemoveCaches (13: Permission denied)
vagrant@ubuntu-focal:~$ sdo apt update

Command 'sdo' not found, did you mean:

  command 'sdb' from deb sdb (1.2-2.1)
  command 'cdo' from deb cdo (1.9.9~rc1-1)
  command 'sdc' from deb hpsockd (0.17build3)
  command 'sdf' from deb sdf (2.001+1-7)
  command 'sudo' from deb sudo (1.8.31-1ubuntu1.2)
  command 'sudo' from deb sudo-ldap (1.8.31-1ubuntu1.2)
  command 'sds' from deb simh (3.8.1-6)
  command 'xdo' from deb xdo (0.5.7-1)
  command 'sdoc' from deb ruby-sdoc (1.0.0-1fakesync1)
  command 'udo' from deb udo (6.4.1-5)
  command 'sdop' from deb sdop (0.81-1)

Try: apt install <deb name>

vagrant@ubuntu-focal:~$ sudo apt update
Hit:1 http://archive.ubuntu.com/ubuntu focal InRelease
Get:2 http://archive.ubuntu.com/ubuntu focal-updates InRelease [114 kB]
Get:3 http://archive.ubuntu.com/ubuntu focal-backports InRelease [108 kB]
Get:4 http://archive.ubuntu.com/ubuntu focal/universe amd64 Packages [8628 kB]
Get:5 http://security.ubuntu.com/ubuntu focal-security InRelease [114 kB]
Get:6 http://security.ubuntu.com/ubuntu focal-security/main amd64 Packages [1069 kB]
Get:7 http://security.ubuntu.com/ubuntu focal-security/main Translation-en [197 kB]
Get:8 http://security.ubuntu.com/ubuntu focal-security/main amd64 c-n-f Metadata [9096 B]
Get:9 http://security.ubuntu.com/ubuntu focal-security/restricted amd64 Packages [566 kB]
Get:10 http://security.ubuntu.com/ubuntu focal-security/restricted Translation-en [80.9 kB]
Get:11 http://security.ubuntu.com/ubuntu focal-security/universe amd64 Packages [668 kB]
Get:12 http://security.ubuntu.com/ubuntu focal-security/universe Translation-en [112 kB]
Get:13 http://security.ubuntu.com/ubuntu focal-security/universe amd64 c-n-f Metadata [13.0 kB]
Get:14 http://security.ubuntu.com/ubuntu focal-security/multiverse amd64 Packages [21.9 kB]
Get:15 http://security.ubuntu.com/ubuntu focal-security/multiverse Translation-en [4948 B]
Get:16 http://security.ubuntu.com/ubuntu focal-security/multiverse amd64 c-n-f Metadata [540 B]
Get:17 http://archive.ubuntu.com/ubuntu focal/universe Translation-en [5124 kB]
Get:18 http://archive.ubuntu.com/ubuntu focal/universe amd64 c-n-f Metadata [265 kB]
Get:19 http://archive.ubuntu.com/ubuntu focal/multiverse amd64 Packages [144 kB]
Get:20 http://archive.ubuntu.com/ubuntu focal/multiverse Translation-en [104 kB]
Get:21 http://archive.ubuntu.com/ubuntu focal/multiverse amd64 c-n-f Metadata [9136 B]
Get:22 http://archive.ubuntu.com/ubuntu focal-updates/main amd64 Packages [1400 kB]
Get:23 http://archive.ubuntu.com/ubuntu focal-updates/main Translation-en [283 kB]
Get:24 http://archive.ubuntu.com/ubuntu focal-updates/main amd64 c-n-f Metadata [14.6 kB]
Get:25 http://archive.ubuntu.com/ubuntu focal-updates/restricted amd64 Packages [616 kB]
Get:26 http://archive.ubuntu.com/ubuntu focal-updates/restricted Translation-en [88.1 kB]
Get:27 http://archive.ubuntu.com/ubuntu focal-updates/universe amd64 Packages [884 kB]
Get:28 http://archive.ubuntu.com/ubuntu focal-updates/universe Translation-en [193 kB]
Get:29 http://archive.ubuntu.com/ubuntu focal-updates/universe amd64 c-n-f Metadata [20.0 kB]
Get:30 http://archive.ubuntu.com/ubuntu focal-updates/multiverse amd64 Packages [24.8 kB]
Get:31 http://archive.ubuntu.com/ubuntu focal-updates/multiverse Translation-en [6928 B]
Get:32 http://archive.ubuntu.com/ubuntu focal-updates/multiverse amd64 c-n-f Metadata [616 B]
Get:33 http://archive.ubuntu.com/ubuntu focal-backports/main amd64 Packages [42.0 kB]
Get:34 http://archive.ubuntu.com/ubuntu focal-backports/main Translation-en [10.0 kB]
Get:35 http://archive.ubuntu.com/ubuntu focal-backports/main amd64 c-n-f Metadata [864 B]
Get:36 http://archive.ubuntu.com/ubuntu focal-backports/restricted amd64 c-n-f Metadata [116 B]
Get:37 http://archive.ubuntu.com/ubuntu focal-backports/universe amd64 Packages [18.9 kB]
Get:38 http://archive.ubuntu.com/ubuntu focal-backports/universe Translation-en [7492 B]
Get:39 http://archive.ubuntu.com/ubuntu focal-backports/universe amd64 c-n-f Metadata [636 B]
Get:40 http://archive.ubuntu.com/ubuntu focal-backports/multiverse amd64 c-n-f Metadata [116 B]
Fetched 21.0 MB in 30s (689 kB/s)
Reading package lists... Done
Building dependency tree
Reading state information... Done
8 packages can be upgraded. Run 'apt list --upgradable' to see them.
vagrant@ubuntu-focal:~$ sudo python3 -m venv .env
The virtual environment was not created successfully because ensurepip is not
available.  On Debian/Ubuntu systems, you need to install the python3-venv
package using the following command.

    apt install python3.8-venv

You may need to use sudo with that command.  After installing the python3-venv
package, recreate your virtual environment.

Failing command: ['/home/vagrant/.env/bin/python3', '-Im', 'ensurepip', '--upgrade', '--default-pip']

vagrant@ubuntu-focal:~$ sudo   apt install python3.8-venv
Reading package lists... Done
Building dependency tree
Reading state information... Done
The following additional packages will be installed:
  libpython3.8 libpython3.8-minimal libpython3.8-stdlib python-pip-whl python3.8 python3.8-minimal
Suggested packages:
  python3.8-doc binutils binfmt-support
The following NEW packages will be installed:
  python-pip-whl python3.8-venv
The following packages will be upgraded:
  libpython3.8 libpython3.8-minimal libpython3.8-stdlib python3.8 python3.8-minimal
5 upgraded, 2 newly installed, 0 to remove and 3 not upgraded.
Need to get 8115 kB of archives.
After this operation, 2339 kB of additional disk space will be used.
Do you want to continue? [Y/n] y
Get:1 http://archive.ubuntu.com/ubuntu focal-updates/main amd64 libpython3.8 amd64 3.8.10-0ubuntu1~20.04.2 [1625 kB]
Get:2 http://archive.ubuntu.com/ubuntu focal-updates/main amd64 python3.8 amd64 3.8.10-0ubuntu1~20.04.2 [387 kB]
Get:3 http://archive.ubuntu.com/ubuntu focal-updates/main amd64 libpython3.8-stdlib amd64 3.8.10-0ubuntu1~20.04.2 [1675 kB]
Get:4 http://archive.ubuntu.com/ubuntu focal-updates/main amd64 python3.8-minimal amd64 3.8.10-0ubuntu1~20.04.2 [1900 kB]
Get:5 http://archive.ubuntu.com/ubuntu focal-updates/main amd64 libpython3.8-minimal amd64 3.8.10-0ubuntu1~20.04.2 [717 kB]
Get:6 http://archive.ubuntu.com/ubuntu focal-updates/universe amd64 python-pip-whl all 20.0.2-5ubuntu1.6 [1805 kB]
Get:7 http://archive.ubuntu.com/ubuntu focal-updates/universe amd64 python3.8-venv amd64 3.8.10-0ubuntu1~20.04.2 [5444 B]
Fetched 8115 kB in 19s (419 kB/s)
(Reading database ... 63236 files and directories currently installed.)
Preparing to unpack .../0-libpython3.8_3.8.10-0ubuntu1~20.04.2_amd64.deb ...
Unpacking libpython3.8:amd64 (3.8.10-0ubuntu1~20.04.2) over (3.8.10-0ubuntu1~20.04.1) ...
Preparing to unpack .../1-python3.8_3.8.10-0ubuntu1~20.04.2_amd64.deb ...
Unpacking python3.8 (3.8.10-0ubuntu1~20.04.2) over (3.8.10-0ubuntu1~20.04.1) ...
Preparing to unpack .../2-libpython3.8-stdlib_3.8.10-0ubuntu1~20.04.2_amd64.deb ...
Unpacking libpython3.8-stdlib:amd64 (3.8.10-0ubuntu1~20.04.2) over (3.8.10-0ubuntu1~20.04.1) ...
Preparing to unpack .../3-python3.8-minimal_3.8.10-0ubuntu1~20.04.2_amd64.deb ...
Unpacking python3.8-minimal (3.8.10-0ubuntu1~20.04.2) over (3.8.10-0ubuntu1~20.04.1) ...
Preparing to unpack .../4-libpython3.8-minimal_3.8.10-0ubuntu1~20.04.2_amd64.deb ...
Unpacking libpython3.8-minimal:amd64 (3.8.10-0ubuntu1~20.04.2) over (3.8.10-0ubuntu1~20.04.1) ...
Selecting previously unselected package python-pip-whl.
Preparing to unpack .../5-python-pip-whl_20.0.2-5ubuntu1.6_all.deb ...
Unpacking python-pip-whl (20.0.2-5ubuntu1.6) ...
Selecting previously unselected package python3.8-venv.
Preparing to unpack .../6-python3.8-venv_3.8.10-0ubuntu1~20.04.2_amd64.deb ...
Unpacking python3.8-venv (3.8.10-0ubuntu1~20.04.2) ...
Setting up libpython3.8-minimal:amd64 (3.8.10-0ubuntu1~20.04.2) ...
Setting up python3.8-minimal (3.8.10-0ubuntu1~20.04.2) ...
Setting up python-pip-whl (20.0.2-5ubuntu1.6) ...
Setting up libpython3.8-stdlib:amd64 (3.8.10-0ubuntu1~20.04.2) ...
Setting up python3.8 (3.8.10-0ubuntu1~20.04.2) ...
Setting up libpython3.8:amd64 (3.8.10-0ubuntu1~20.04.2) ...
Setting up python3.8-venv (3.8.10-0ubuntu1~20.04.2) ...
Processing triggers for libc-bin (2.31-0ubuntu9.2) ...
Processing triggers for man-db (2.9.1-1) ...
Processing triggers for mime-support (3.64ubuntu1) ...
vagrant@ubuntu-focal:~$ logout
Connection to 127.0.0.1 closed.

WildMary@LAPTOP-10928EUI MINGW64 ~/Desktop/DH/webdev/sunday
$ vi Vagrantfile

WildMary@LAPTOP-10928EUI MINGW64 ~/Desktop/DH/webdev/sunday
$ vagrant ssh
Welcome to Ubuntu 20.04.3 LTS (GNU/Linux 5.4.0-91-generic x86_64)

 * Documentation:  https://help.ubuntu.com
 * Management:     https://landscape.canonical.com
 * Support:        https://ubuntu.com/advantage

  System information as of Sun Dec 19 12:58:09 UTC 2021

  System load:  0.17              Processes:               112
  Usage of /:   3.8% of 38.71GB   Users logged in:         0
  Memory usage: 20%               IPv4 address for enp0s3: 10.0.2.15
  Swap usage:   0%


3 updates can be applied immediately.
1 of these updates is a standard security update.
To see these additional updates run: apt list --upgradable


Last login: Sun Dec 19 12:41:45 2021 from 10.0.2.2
vagrant@ubuntu-focal:~$ cd ~
vagrant@ubuntu-focal:~$ cd /vagrant
vagrant@ubuntu-focal:/vagrant$ python3 -m venv .env
Error: [Errno 71] Protocol error: 'lib' -> '/vagrant/.env/lib64'
vagrant@ubuntu-focal:/vagrant$ python3 -m venv .env
Error: [Errno 71] Protocol error: 'lib' -> '/vagrant/.env/lib64'
vagrant@ubuntu-focal:/vagrant$ virtualenv -p python3.6 env --always-copy

Command 'virtualenv' not found, but can be installed with:

apt install python3-virtualenv
Please ask your administrator.

vagrant@ubuntu-focal:/vagrant$ venv -p python3.6 env --always-copy

Command 'venv' not found, did you mean:

  command 'env' from deb coreutils (8.30-3ubuntu2)

Try: apt install <deb name>

vagrant@ubuntu-focal:/vagrant$ cd ~
vagrant@ubuntu-focal:~$ python3 -m venv .env
vagrant@ubuntu-focal:~$ source .env/bin/activate
(.env) vagrant@ubuntu-focal:~$ pip install flask
Collecting flask
  Downloading Flask-2.0.2-py3-none-any.whl (95 kB)
     |████████████████████████████████| 95 kB 1.4 MB/s
Collecting itsdangerous>=2.0
  Downloading itsdangerous-2.0.1-py3-none-any.whl (18 kB)
Collecting click>=7.1.2
  Downloading click-8.0.3-py3-none-any.whl (97 kB)
     |████████████████████████████████| 97 kB 3.2 MB/s
Collecting Werkzeug>=2.0
  Downloading Werkzeug-2.0.2-py3-none-any.whl (288 kB)
     |████████████████████████████████| 288 kB 2.9 MB/s
Collecting Jinja2>=3.0
  Downloading Jinja2-3.0.3-py3-none-any.whl (133 kB)
     |████████████████████████████████| 133 kB 3.9 MB/s
Collecting MarkupSafe>=2.0
  Downloading MarkupSafe-2.0.1-cp38-cp38-manylinux2010_x86_64.whl (30 kB)
Installing collected packages: itsdangerous, click, Werkzeug, MarkupSafe, Jinja2, flask
Successfully installed Jinja2-3.0.3 MarkupSafe-2.0.1 Werkzeug-2.0.2 click-8.0.3 flask-2.0.2 itsdangerous-2.0.1
(.env) vagrant@ubuntu-focal:~$ cd /vagrant
(.env) vagrant@ubuntu-focal:/vagrant$ python3 main.py
  File "main.py", line 9
    if __name__=='__main__':
                           ^
IndentationError: unindent does not match any outer indentation level
(.env) vagrant@ubuntu-focal:/vagrant$ python3 main.py
 * Serving Flask app 'main' (lazy loading)
 * Environment: production
   WARNING: This is a development server. Do not use it in a production deployment.
   Use a production WSGI server instead.
 * Debug mode: on
 * Running on all addresses.
   WARNING: This is a development server. Do not use it in a production deployment.
 * Running on http://10.0.2.15:5000/ (Press CTRL+C to quit)
 * Restarting with stat
 * Debugger is active!
 * Debugger PIN: 317-522-903
10.0.2.2 - - [19/Dec/2021 13:17:28] "GET / HTTP/1.1" 200 -
10.0.2.2 - - [19/Dec/2021 13:22:38] "GET / HTTP/1.1" 200 -
^C(.env) vagrant@ubuntu-focal:/vagrant$